// Jest Snapshot v1, https://goo.gl/fbAQLP

exports[`Secret tap tests should render Secret tap area successfully without template 1`] = `
<View
  accessible={true}
  isTVSelectable={true}
  onResponderGrant={[Function]}
  onResponderMove={[Function]}
  onResponderRelease={[Function]}
  onResponderTerminate={[Function]}
  onResponderTerminationRequest={[Function]}
  onStartShouldSetResponder={[Function]}
  style={
    Object {
      "height": "100%",
      "left": 0,
      "opacity": 1,
      "position": "absolute",
      "top": 0,
      "width": 80,
    }
  }
/>
`;
