// Jest Snapshot v1, https://goo.gl/fbAQLP

exports[`the <Popup /> component renders correctly 1`] = `
<View
  pointerEvents="none"
  style={
    Object {
      "backgroundColor": "black",
      "bottom": 50,
      "left": -1,
      "opacity": 1,
      "paddingLeft": 20,
      "paddingRight": 20,
      "position": "absolute",
      "width": "105%",
    }
  }
>
  <Text
    style={
      Array [
        Object {
          "color": "white",
          "fontFamily": "Ubuntu",
          "fontSize": 20,
          "textAlign": "center",
        },
        undefined,
      ]
    }
  >
    Example Message...
  </Text>
</View>
`;
